Archive member included to satisfy reference by file (symbol)

C:/ST/STM32CubeIDE_1.16.1/STM32CubeIDE/plugins/com.st.stm32cube.ide.mcu.externaltools.gnu-tools-for-stm32.12.3.rel1.win32_1.0.200.202406191623/tools/bin/../lib/gcc/arm-none-eabi/12.3.1/../../../../arm-none-eabi/lib/thumb/v6-m/nofp\libc_nano.a(libc_a-exit.o)
                              C:/ST/STM32CubeIDE_1.16.1/STM32CubeIDE/plugins/com.st.stm32cube.ide.mcu.externaltools.gnu-tools-for-stm32.12.3.rel1.win32_1.0.200.202406191623/tools/bin/../lib/gcc/arm-none-eabi/12.3.1/../../../../arm-none-eabi/lib/thumb/v6-m/nofp/crt0.o (exit)
C:/ST/STM32CubeIDE_1.16.1/STM32CubeIDE/plugins/com.st.stm32cube.ide.mcu.externaltools.gnu-tools-for-stm32.12.3.rel1.win32_1.0.200.202406191623/tools/bin/../lib/gcc/arm-none-eabi/12.3.1/../../../../arm-none-eabi/lib/thumb/v6-m/nofp\libc_nano.a(libc_a-findfp.o)
                              C:/ST/STM32CubeIDE_1.16.1/STM32CubeIDE/plugins/com.st.stm32cube.ide.mcu.externaltools.gnu-tools-for-stm32.12.3.rel1.win32_1.0.200.202406191623/tools/bin/../lib/gcc/arm-none-eabi/12.3.1/../../../../arm-none-eabi/lib/thumb/v6-m/nofp\libc_nano.a(libc_a-exit.o) (__stdio_exit_handler)
C:/ST/STM32CubeIDE_1.16.1/STM32CubeIDE/plugins/com.st.stm32cube.ide.mcu.externaltools.gnu-tools-for-stm32.12.3.rel1.win32_1.0.200.202406191623/tools/bin/../lib/gcc/arm-none-eabi/12.3.1/../../../../arm-none-eabi/lib/thumb/v6-m/nofp\libc_nano.a(libc_a-fwalk.o)
                              C:/ST/STM32CubeIDE_1.16.1/STM32CubeIDE/plugins/com.st.stm32cube.ide.mcu.externaltools.gnu-tools-for-stm32.12.3.rel1.win32_1.0.200.202406191623/tools/bin/../lib/gcc/arm-none-eabi/12.3.1/../../../../arm-none-eabi/lib/thumb/v6-m/nofp\libc_nano.a(libc_a-findfp.o) (_fwalk_sglue)
C:/ST/STM32CubeIDE_1.16.1/STM32CubeIDE/plugins/com.st.stm32cube.ide.mcu.externaltools.gnu-tools-for-stm32.12.3.rel1.win32_1.0.200.202406191623/tools/bin/../lib/gcc/arm-none-eabi/12.3.1/../../../../arm-none-eabi/lib/thumb/v6-m/nofp\libc_nano.a(libc_a-snprintf.o)
                              ./Core/Src/main.o (snprintf)
C:/ST/STM32CubeIDE_1.16.1/STM32CubeIDE/plugins/com.st.stm32cube.ide.mcu.externaltools.gnu-tools-for-stm32.12.3.rel1.win32_1.0.200.202406191623/tools/bin/../lib/gcc/arm-none-eabi/12.3.1/../../../../arm-none-eabi/lib/thumb/v6-m/nofp\libc_nano.a(libc_a-stdio.o)
                              C:/ST/STM32CubeIDE_1.16.1/STM32CubeIDE/plugins/com.st.stm32cube.ide.mcu.externaltools.gnu-tools-for-stm32.12.3.rel1.win32_1.0.200.202406191623/tools/bin/../lib/gcc/arm-none-eabi/12.3.1/../../../../arm-none-eabi/lib/thumb/v6-m/nofp\libc_nano.a(libc_a-findfp.o) (__sread)
C:/ST/STM32CubeIDE_1.16.1/STM32CubeIDE/plugins/com.st.stm32cube.ide.mcu.externaltools.gnu-tools-for-stm32.12.3.rel1.win32_1.0.200.202406191623/tools/bin/../lib/gcc/arm-none-eabi/12.3.1/../../../../arm-none-eabi/lib/thumb/v6-m/nofp\libc_nano.a(libc_a-memset.o)
                              C:/ST/STM32CubeIDE_1.16.1/STM32CubeIDE/plugins/com.st.stm32cube.ide.mcu.externaltools.gnu-tools-for-stm32.12.3.rel1.win32_1.0.200.202406191623/tools/bin/../lib/gcc/arm-none-eabi/12.3.1/../../../../arm-none-eabi/lib/thumb/v6-m/nofp/crt0.o (memset)
C:/ST/STM32CubeIDE_1.16.1/STM32CubeIDE/plugins/com.st.stm32cube.ide.mcu.externaltools.gnu-tools-for-stm32.12.3.rel1.win32_1.0.200.202406191623/tools/bin/../lib/gcc/arm-none-eabi/12.3.1/../../../../arm-none-eabi/lib/thumb/v6-m/nofp\libc_nano.a(libc_a-closer.o)
                              C:/ST/STM32CubeIDE_1.16.1/STM32CubeIDE/plugins/com.st.stm32cube.ide.mcu.externaltools.gnu-tools-for-stm32.12.3.rel1.win32_1.0.200.202406191623/tools/bin/../lib/gcc/arm-none-eabi/12.3.1/../../../../arm-none-eabi/lib/thumb/v6-m/nofp\libc_nano.a(libc_a-stdio.o) (_close_r)
C:/ST/STM32CubeIDE_1.16.1/STM32CubeIDE/plugins/com.st.stm32cube.ide.mcu.externaltools.gnu-tools-for-stm32.12.3.rel1.win32_1.0.200.202406191623/tools/bin/../lib/gcc/arm-none-eabi/12.3.1/../../../../arm-none-eabi/lib/thumb/v6-m/nofp\libc_nano.a(libc_a-reent.o)
                              C:/ST/STM32CubeIDE_1.16.1/STM32CubeIDE/plugins/com.st.stm32cube.ide.mcu.externaltools.gnu-tools-for-stm32.12.3.rel1.win32_1.0.200.202406191623/tools/bin/../lib/gcc/arm-none-eabi/12.3.1/../../../../arm-none-eabi/lib/thumb/v6-m/nofp\libc_nano.a(libc_a-closer.o) (errno)
C:/ST/STM32CubeIDE_1.16.1/STM32CubeIDE/plugins/com.st.stm32cube.ide.mcu.externaltools.gnu-tools-for-stm32.12.3.rel1.win32_1.0.200.202406191623/tools/bin/../lib/gcc/arm-none-eabi/12.3.1/../../../../arm-none-eabi/lib/thumb/v6-m/nofp\libc_nano.a(libc_a-impure.o)
                              C:/ST/STM32CubeIDE_1.16.1/STM32CubeIDE/plugins/com.st.stm32cube.ide.mcu.externaltools.gnu-tools-for-stm32.12.3.rel1.win32_1.0.200.202406191623/tools/bin/../lib/gcc/arm-none-eabi/12.3.1/../../../../arm-none-eabi/lib/thumb/v6-m/nofp\libc_nano.a(libc_a-snprintf.o) (_impure_ptr)
[...]
Memory Configuration

Name             Origin             Length             Attributes
RAM              0x20000000         0x00008000         xrw
FLASH            0x08000000         0x00040000         xr
*default*        0x00000000         0xffffffff

Linker script and memory map

LOAD C:/ST/STM32CubeIDE_1.16.1/STM32CubeIDE/plugins/com.st.stm32cube.ide.mcu.externaltools.gnu-tools-for-stm32.12.3.rel1.win32_1.0.200.202406191623/tools/bin/../lib/gcc/arm-none-eabi/12.3.1/thumb/v6-m/nofp/crti.o
LOAD C:/ST/STM32CubeIDE_1.16.1/STM32CubeIDE/plugins/com.st.stm32cube.ide.mcu.externaltools.gnu-tools-for-stm32.12.3.rel1.win32_1.0.200.202406191623/tools/bin/../lib/gcc/arm-none-eabi/12.3.1/thumb/v6-m/nofp/crtbegin.o
LOAD C:/ST/STM32CubeIDE_1.16.1/STM32CubeIDE/plugins/com.st.stm32cube.ide.mcu.externaltools.gnu-tools-for-stm32.12.3.rel1.win32_1.0.200.202406191623/tools/bin/../lib/gcc/arm-none-eabi/12.3.1/../../../../arm-none-eabi/lib/thumb/v6-m/nofp/crt0.o
LOAD ./Core/Src/app/AutonomyController.o
LOAD ./Core/Src/app/CommandExecutor.o
LOAD ./Core/Src/app/ControlManager.o
LOAD ./Core/Src/app/Lights.o
LOAD ./Core/Src/app/MotorDriver.o
LOAD ./Core/Src/hw/Clock.o
LOAD ./Core/Src/hw/Gpio.o
LOAD ./Core/Src/hw/Timebase.o
LOAD ./Core/Src/hw/Uart.o
LOAD ./Core/Src/main.o
LOAD ./Core/Src/syscalls.o
LOAD ./Core/Src/sysmem.o
LOAD ./Core/Src/system_stm32f0xx.o
LOAD ./Core/Src/sensors/UltrasonicSensor.o
LOAD ./Core/Startup/startup_stm32f091rctx.o
START GROUP
LOAD C:/ST/STM32CubeIDE_1.16.1/STM32CubeIDE/plugins/com.st.stm32cube.ide.mcu.externaltools.gnu-tools-for-stm32.12.3.rel1.win32_1.0.200.202406191623/tools/bin/../lib/gcc/arm-none-eabi/12.3.1/../../../../arm-none-eabi/lib/thumb/v6-m/nofp\libstdc++_nano.a
LOAD C:/ST/STM32CubeIDE_1.16.1/STM32CubeIDE/plugins/com.st.stm32cube.ide.mcu.externaltools.gnu-tools-for-stm32.12.3.rel1.win32_1.0.200.202406191623/tools/bin/../lib/gcc/arm-none-eabi/12.3.1/../../../../arm-none-eabi/lib/thumb/v6-m/nofp\libsupc++_nano.a
END GROUP
LOAD C:/ST/STM32CubeIDE_1.16.1/STM32CubeIDE/plugins/com.st.stm32cube.ide.mcu.externaltools.gnu-tools-for-stm32.12.3.rel1.win32_1.0.200.202406191623/tools/bin/../lib/gcc/arm-none-eabi/12.3.1/../../../../arm-none-eabi/lib/thumb/v6-m/nofp\libstdc++_nano.a
LOAD C:/ST/STM32CubeIDE_1.16.1/STM32CubeIDE/plugins/com.st.stm32cube.ide.mcu.externaltools.gnu-tools-for-stm32.12.3.rel1.win32_1.0.200.202406191623/tools/bin/../lib/gcc/arm-none-eabi/12.3.1/../../../../arm-none-eabi/lib/thumb/v6-m/nofp\libm.a
LOAD C:/ST/STM32CubeIDE_1.16.1/STM32CubeIDE/plugins/com.st.stm32cube.ide.mcu.externaltools.gnu-tools-for-stm32.12.3.rel1.win32_1.0.200.202406191623/tools/bin/../lib/gcc/arm-none-eabi/12.3.1/../../../../arm-none-eabi/lib/thumb/v6-m/nofp\libc_nano.a
START GROUP
LOAD C:/ST/STM32CubeIDE_1.16.1/STM32CubeIDE/plugins/com.st.stm32cube.ide.mcu.externaltools.gnu-tools-for-stm32.12.3.rel1.win32_1.0.200.202406191623/tools/bin/../lib/gcc/arm-none-eabi/12.3.1/thumb/v6-m/nofp\libgcc.a
LOAD C:/ST/STM32CubeIDE_1.16.1/STM32CubeIDE/plugins/com.st.stm32cube.ide.mcu.externaltools.gnu-tools-for-stm32.12.3.rel1.win32_1.0.200.202406191623/tools/bin/../lib/gcc/arm-none-eabi/12.3.1/../../../../arm-none-eabi/lib/thumb/v6-m/nofp\libc_nano.a
END GROUP
START GROUP
LOAD C:/ST/STM32CubeIDE_1.16.1/STM32CubeIDE/plugins/com.st.stm32cube.ide.mcu.externaltools.gnu-tools-for-stm32.12.3.rel1.win32_1.0.200.202406191623/tools/bin/../lib/gcc/arm-none-eabi/12.3.1/thumb/v6-m/nofp\libgcc.a
LOAD C:/ST/STM32CubeIDE_1.16.1/STM32CubeIDE/plugins/com.st.stm32cube.ide.mcu.externaltools.gnu-tools-for-stm32.12.3.rel1.win32_1.0.200.202406191623/tools/bin/../lib/gcc/arm-none-eabi/12.3.1/../../../../arm-none-eabi/lib/thumb/v6-m/nofp\libc_nano.a
LOAD C:/ST/STM32CubeIDE_1.16.1/STM32CubeIDE/plugins/com.st.stm32cube.ide.mcu.externaltools.gnu-tools-for-stm32.12.3.rel1.win32_1.0.200.202406191623/tools/bin/../lib/gcc/arm-none-eabi/12.3.1/../../../../arm-none-eabi/lib/thumb/v6-m/nofp\libnosys.a
END GROUP
START GROUP
LOAD C:/ST/STM32CubeIDE_1.16.1/STM32CubeIDE/plugins/com.st.stm32cube.ide.mcu.externaltools.gnu-tools-for-stm32.12.3.rel1.win32_1.0.200.202406191623/tools/bin/../lib/gcc/arm-none-eabi/12.3.1/thumb/v6-m/nofp\libgcc.a
LOAD C:/ST/STM32CubeIDE_1.16.1/STM32CubeIDE/plugins/com.st.stm32cube.ide.mcu.externaltools.gnu-tools-for-stm32.12.3.rel1.win32_1.0.200.202406191623/tools/bin/../lib/gcc/arm-none-eabi/12.3.1/../../../../arm-none-eabi/lib/thumb/v6-m/nofp\libc_nano.a
LOAD C:/ST/STM32CubeIDE_1.16.1/STM32CubeIDE/plugins/com.st.stm32cube.ide.mcu.externaltools.gnu-tools-for-stm32.12.3.rel1.win32_1.0.200.202406191623/tools/bin/../lib/gcc/arm-none-eabi/12.3.1/../../../../arm-none-eabi/lib/thumb/v6-m/nofp\libnosys.a
END GROUP
LOAD C:/ST/STM32CubeIDE_1.16.1/STM32CubeIDE/plugins/com.st.stm32cube.ide.mcu.externaltools.gnu-tools-for-stm32.12.3.rel1.win32_1.0.200.202406191623/tools/bin/../lib/gcc/arm-none-eabi/12.3.1/thumb/v6-m/nofp/crtend.o
LOAD C:/ST/STM32CubeIDE_1.16.1/STM32CubeIDE/plugins/com.st.stm32cube.ide.mcu.externaltools.gnu-tools-for-stm32.12.3.rel1.win32_1.0.200.202406191623/tools/bin/../lib/gcc/arm-none-eabi/12.3.1/thumb/v6-m/nofp/crtn.o
                0x20008000                        _estack = (ORIGIN (RAM) + LENGTH (RAM))
                0x00000200                        _Min_Heap_Size = 0x200
                0x00000400                        _Min_Stack_Size = 0x400

.isr_vector     0x08000000       0xbc
                0x08000000                        . = ALIGN (0x4)
 *(.isr_vector)
 .isr_vector    0x08000000       0xbc ./Core/Startup/startup_stm32f091rctx.o
                0x08000000                g_pfnVectors
                0x080000bc                        . = ALIGN (0x4)

.text           0x080000bc     0x2af8
                0x080000bc                        . = ALIGN (0x4)
 *(.text)
 .text          0x080000bc       0x48 C:/ST/STM32CubeIDE_1.16.1/STM32CubeIDE/plugins/com.st.stm32cube.ide.mcu.externaltools.gnu-tools-for-stm32.12.3.rel1.win32_1.0.200.202406191623/tools/bin/../lib/gcc/arm-none-eabi/12.3.1/thumb/v6-m/nofp/crtbegin.o
 .text          0x08000104       0x14 C:/ST/STM32CubeIDE_1.16.1/STM32CubeIDE/plugins/com.st.stm32cube.ide.mcu.externaltools.gnu-tools-for-stm32.12.3.rel1.win32_1.0.200.202406191623/tools/bin/../lib/gcc/arm-none-eabi/12.3.1/thumb/v6-m/nofp\libgcc.a(_thumb1_case_shi.o)
                0x08000104                __gnu_thumb1_case_shi
 .text          0x08000118      0x114 C:/ST/STM32CubeIDE_1.16.1/STM32CubeIDE/plugins/com.st.stm32cube.ide.mcu.externaltools.gnu-tools-for-stm32.12.3.rel1.win32_1.0.200.202406191623/tools/bin/../lib/gcc/arm-none-eabi/12.3.1/thumb/v6-m/nofp\libgcc.a(_udivsi3.o)
                0x08000118                __aeabi_uidiv
                0x08000118                __udivsi3
                0x08000224                __aeabi_uidivmod
 .text          0x0800022c        0x4 C:/ST/STM32CubeIDE_1.16.1/STM32CubeIDE/plugins/com.st.stm32cube.ide.mcu.externaltools.gnu-tools-for-stm32.12.3.rel1.win32_1.0.200.202406191623/tools/bin/../lib/gcc/arm-none-eabi/12.3.1/thumb/v6-m/nofp\libgcc.a(_dvmd_tls.o)
                0x0800022c                __aeabi_idiv0
                0x0800022c                __aeabi_ldiv0
 *(.text*)
 .text._ZN18AutonomyController4initER10ParametersR16UltrasonicSensorS3_
                0x08000230       0x30 ./Core/Src/app/AutonomyController.o
                0x08000230                AutonomyController::init(Parameters&, UltrasonicSensor&, UltrasonicSensor&)
 .text._ZN18AutonomyController5resetEv
                0x08000260       0x1c ./Core/Src/app/AutonomyController.o
                0x08000260                AutonomyController::reset()
 .text._ZN18AutonomyController13frontBlocked_Ev
                0x0800027c       0x64 ./Core/Src/app/AutonomyController.o
                0x0800027c                AutonomyController::frontBlocked_()
 .text._ZN18AutonomyController6updateEm
                0x080002e0      0x180 ./Core/Src/app/AutonomyController.o
                0x080002e0                AutonomyController::update(unsigned long)
 .text._ZN6Lights4initEv
                0x08000460       0x4a ./Core/Src/app/Lights.o
                0x08000460                Lights::init()
 .text._ZN6Lights12setHeadlightEb
                0x080004aa       0x34 ./Core/Src/app/Lights.o
                0x080004aa                Lights::setHeadlight(bool)
 .text._ZN6Lights12setStoplightEb
                0x080004de       0x34 ./Core/Src/app/Lights.o
                0x080004de                Lights::setStoplight(bool)
 .text._ZN6Lights6allOffEv
                0x08000512       0x28 ./Core/Src/app/Lights.o
                0x08000512                Lights::allOff()
 .text._ZN6Lights6write_Ebb
                0x0800053a       0x70 ./Core/Src/app/Lights.o
                0x0800053a                Lights::write_(bool, bool)
 *fill*         0x080005aa        0x2 
 .text._ZN11MotorDriver4initEv
                0x080005ac      0x114 ./Core/Src/app/MotorDriver.o
                0x080005ac                MotorDriver::init()
 .text._ZN11MotorDriver6enableEv
                0x080006c0       0x20 ./Core/Src/app/MotorDriver.o
                0x080006c0                MotorDriver::enable()
 .text._ZN11MotorDriver7disableEv
                0x080006e0       0x28 ./Core/Src/app/MotorDriver.o
                0x080006e0                MotorDriver::disable()
 .text._ZN11MotorDriver12initPwmTim3_Em
                0x08000708       0xe0 ./Core/Src/app/MotorDriver.o
                0x08000708                MotorDriver::initPwmTim3_(unsigned long)
 .text._ZN11MotorDriver11setDutyAll_Et
                0x080007e8       0x58 ./Core/Src/app/MotorDriver.o
                0x080007e8                MotorDriver::setDutyAll_(unsigned short)
 .text._ZN11MotorDriver15setSpeedPercentEh
                0x08000840       0x60 ./Core/Src/app/MotorDriver.o
                0x08000840                MotorDriver::setSpeedPercent(unsigned char)
 .text._ZN11MotorDriver4stopEv
                0x080008a0       0x74 ./Core/Src/app/MotorDriver.o
                0x080008a0                MotorDriver::stop()
 .text._ZN11MotorDriver14setLeftForwardEv
                0x08000914       0x3c ./Core/Src/app/MotorDriver.o
                0x08000914                MotorDriver::setLeftForward()
 .text._ZN11MotorDriver11setLeftBackEv
                0x08000950       0x3c ./Core/Src/app/MotorDriver.o
                0x08000950                MotorDriver::setLeftBack()
 .text._ZN11MotorDriver15setRightForwardEv
                0x0800098c       0x4c ./Core/Src/app/MotorDriver.o
                0x0800098c                MotorDriver::setRightForward()
 .text._ZN11MotorDriver12setRightBackEv
                0x080009d8       0x4c ./Core/Src/app/MotorDriver.o
                0x080009d8                MotorDriver::setRightBack()
 .text._ZN11MotorDriver7forwardEv
                0x08000a24       0x20 ./Core/Src/app/MotorDriver.o
                0x08000a24                MotorDriver::forward()
 .text._ZN11MotorDriver4backEv
                0x08000a44       0x20 ./Core/Src/app/MotorDriver.o
                0x08000a44                MotorDriver::back()
 .text._ZN11MotorDriver9spinRightEv
                0x08000a64       0x20 ./Core/Src/app/MotorDriver.o
                0x08000a64                MotorDriver::spinRight()
 .text._ZN11MotorDriver8spinLeftEv
                0x08000a84       0x20 ./Core/Src/app/MotorDriver.o
                0x08000a84                MotorDriver::spinLeft()
 .text._ZN5Clock15init48MHz_HSI48Ev
                0x08000aa4       0x9c ./Core/Src/hw/Clock.o
                0x08000aa4                Clock::init48MHz_HSI48()
 .text._ZN5Clock15enableGpioClockEP12GPIO_TypeDef
                0x08000b40       0x9c ./Core/Src/hw/Clock.o
                0x08000b40                Clock::enableGpioClock(GPIO_TypeDef*)
 .text._ZN4Gpio15configureOutputEP12GPIO_TypeDeft
                0x08000bdc       0xca ./Core/Src/hw/Gpio.o
                0x08000bdc                Gpio::configureOutput(GPIO_TypeDef*, unsigned short)
 .text._ZN4Gpio14configureInputEP12GPIO_TypeDeftNS_4PullE
                0x08000ca6       0xbc ./Core/Src/hw/Gpio.o
                0x08000ca6                Gpio::configureInput(GPIO_TypeDef*, unsigned short, Gpio::Pull)
 .text._ZN4Gpio20configureAltFunctionEP12GPIO_TypeDefth
                0x08000d62      0x11e ./Core/Src/hw/Gpio.o
                0x08000d62                Gpio::configureAltFunction(GPIO_TypeDef*, unsigned short, unsigned char)
 .text._ZN4Gpio7setHighEP12GPIO_TypeDeft
                0x08000e80       0x1e ./Core/Src/hw/Gpio.o
                0x08000e80                Gpio::setHigh(GPIO_TypeDef*, unsigned short)
 .text._ZN4Gpio6setLowEP12GPIO_TypeDeft
                0x08000e9e       0x20 ./Core/Src/hw/Gpio.o
                0x08000e9e                Gpio::setLow(GPIO_TypeDef*, unsigned short)
 .text._ZN4Gpio4readEP12GPIO_TypeDeft
                0x08000ebe       0x26 ./Core/Src/hw/Gpio.o
                0x08000ebe                Gpio::read(GPIO_TypeDef*, unsigned short)
 .text.__NVIC_SetPriority
                0x08000ee4       0xdc ./Core/Src/hw/Timebase.o
 .text.SysTick_Config
                0x08000fc0       0x48 ./Core/Src/hw/Timebase.o
 .text.SysTick_Handler
                0x08001008       0x18 ./Core/Src/hw/Timebase.o
                0x08001008                SysTick_Handler
 .text._ZN8Timebase4initEv
                0x08001020       0x30 ./Core/Src/hw/Timebase.o
                0x08001020                Timebase::init()
 .text._ZN8Timebase6millisEv
                0x08001050       0x14 ./Core/Src/hw/Timebase.o
                0x08001050                Timebase::millis()
 .text._ZN8Timebase7delayMsEm
                0x08001064       0x34 ./Core/Src/hw/Timebase.o
                0x08001064                Timebase::delayMs(unsigned long)
 .text._ZN8Timebase6microsEv
                0x08001098       0x78 ./Core/Src/hw/Timebase.o
                0x08001098                Timebase::micros()
 .text._ZN8Timebase7delayUsEm
                0x08001110       0x36 ./Core/Src/hw/Timebase.o
                0x08001110                Timebase::delayUs(unsigned long)
 .text._ZN12_GLOBAL__N_116pinIndexFromMaskEt
                0x08001146       0x50 ./Core/Src/hw/Uart.o
 *fill*         0x08001196        0x2 
 .text._ZN12_GLOBAL__N_116enableUartClock_EP13USART_TypeDef
                0x08001198       0x5c ./Core/Src/hw/Uart.o
 .text._ZZN12_GLOBAL__N_120configureUartPinsAf_EP12GPIO_TypeDefttENKUlhE_clEh
                0x080011f4       0xa6 ./Core/Src/hw/Uart.o
 *fill*         0x0800129a        0x2 
 .text._ZN12_GLOBAL__N_120configureUartPinsAf_EP12GPIO_TypeDeftt
                0x0800129c      0x198 ./Core/Src/hw/Uart.o
 .text._ZN12_GLOBAL__N_114configureUart_EP13USART_TypeDefm
                0x08001434       0x68 ./Core/Src/hw/Uart.o
 .text._ZN4Uart4initEm
                0x0800149c       0x34 ./Core/Src/hw/Uart.o
                0x0800149c                Uart::init(unsigned long)
 .text._ZN4Uart9writeByteEh
                0x080014d0       0x38 ./Core/Src/hw/Uart.o
                0x080014d0                Uart::writeByte(unsigned char)
 .text._ZN4Uart5writeEPKc
                0x08001508       0x3a ./Core/Src/hw/Uart.o
                0x08001508                Uart::write(char const*)
 *fill*         0x08001542        0x2 
 .text._ZN4Uart8readByteERh
                0x08001544       0x64 ./Core/Src/hw/Uart.o
                0x08001544                Uart::readByte(unsigned char&)
 .text._ZL8setSpeedh
                0x080015a8       0x5c ./Core/Src/main.o
 .text._ZL7stopAllv
                0x08001604       0x24 ./Core/Src/main.o
 .text._ZL13sendDistancesv
                0x08001628       0x8c ./Core/Src/main.o
 .text._ZL14autopilotStop_v
                0x080016b4       0x58 ./Core/Src/main.o
 .text._ZL15autopilotStart_v
                0x0800170c       0x70 ./Core/Src/main.o
 .text._ZL20applyCommandToMotor_RK7Command
                0x0800177c       0x9c ./Core/Src/main.o
 .text._ZL10handleByteh
                0x08001818      0x2a8 ./Core/Src/main.o
 .text.main     0x08001ac0      0x21c ./Core/Src/main.o
                0x08001ac0                main
 .text._Z41__static_initialization_and_destruction_0ii
                0x08001cdc       0x58 ./Core/Src/main.o
 .text._GLOBAL__sub_I_main
                0x08001d34       0x18 ./Core/Src/main.o
 .text._sbrk    0x08001d4c       0x6c ./Core/Src/sysmem.o
                0x08001d4c                _sbrk
 .text.SystemInit
                0x08001db8        0xa ./Core/Src/system_stm32f0xx.o
                0x08001db8                SystemInit
 *fill*         0x08001dc2        0x2 
 .text.SystemCoreClockUpdate
                0x08001dc4      0x10c ./Core/Src/system_stm32f0xx.o
                0x08001dc4                SystemCoreClockUpdate
 .text._ZN16UltrasonicSensorC2EP12GPIO_TypeDeftS1_t
                0x08001ed0       0x3e ./Core/Src/sensors/UltrasonicSensor.o
                0x08001ed0                UltrasonicSensor::UltrasonicSensor(GPIO_TypeDef*, unsigned short, GPIO_TypeDef*, unsigned short)
                0x08001ed0                UltrasonicSensor::UltrasonicSensor(GPIO_TypeDef*, unsigned short, GPIO_TypeDef*, unsigned short)
 *fill*         0x08001f0e        0x2 
 .text._ZN16UltrasonicSensor17tim2Init1MHzOnce_Ev
                0x08001f10       0x68 ./Core/Src/sensors/UltrasonicSensor.o
                0x08001f10                UltrasonicSensor::tim2Init1MHzOnce_()
 .text._ZN16UltrasonicSensor6nowUs_Ev
                0x08001f78       0x16 ./Core/Src/sensors/UltrasonicSensor.o
                0x08001f78                UltrasonicSensor::nowUs_()
 .text._ZN16UltrasonicSensor4initEv
                0x08001f8e       0x70 ./Core/Src/sensors/UltrasonicSensor.o
                0x08001f8e                UltrasonicSensor::init()
 *fill*         0x08001ffe        0x2 
 .text._ZN16UltrasonicSensor10guardTime_Ev
                0x08002000       0x44 ./Core/Src/sensors/UltrasonicSensor.o
                0x08002000                UltrasonicSensor::guardTime_()
 .text._ZN16UltrasonicSensor14trigPulse10us_Ev
                0x08002044       0x4c ./Core/Src/sensors/UltrasonicSensor.o
                0x08002044                UltrasonicSensor::trigPulse10us_()
 .text._ZN16UltrasonicSensor13waitForLevel_Ebm
                0x08002090       0x70 ./Core/Src/sensors/UltrasonicSensor.o
                0x08002090                UltrasonicSensor::waitForLevel_(bool, unsigned long)
 .text._ZN16UltrasonicSensor18measureEchoHighUs_Em
                0x08002100       0x78 ./Core/Src/sensors/UltrasonicSensor.o
                0x08002100                UltrasonicSensor::measureEchoHighUs_(unsigned long)
 .text._ZN16UltrasonicSensor7usToMm_Em
                0x08002178       0x26 ./Core/Src/sensors/UltrasonicSensor.o
                0x08002178                UltrasonicSensor::usToMm_(unsigned long)
 *fill*         0x0800219e        0x2 
 .text._ZN16UltrasonicSensor11measureOnceERm
                0x080021a0       0x54 ./Core/Src/sensors/UltrasonicSensor.o
                0x080021a0                UltrasonicSensor::measureOnce(unsigned long&)
 .text.Reset_Handler
                0x080021f4       0x50 ./Core/Startup/startup_stm32f091rctx.o
                0x080021f4                Reset_Handler
 .text.Default_Handler
                0x08002244        0x2 ./Core/Startup/startup_stm32f091rctx.o
                0x08002244                TIM1_CC_IRQHandler
                0x08002244                TSC_IRQHandler
                0x08002244                HardFault_Handler
                0x08002244                ADC1_COMP_IRQHandler
                0x08002244                PendSV_Handler
                0x08002244                NMI_Handler
                0x08002244                I2C1_IRQHandler
                0x08002244                RCC_CRS_IRQHandler
                0x08002244                SPI1_IRQHandler
                0x08002244                TIM6_DAC_IRQHandler
                0x08002244                DMA1_Ch1_IRQHandler
                0x08002244                EXTI2_3_IRQHandler
                0x08002244                I2C2_IRQHandler
                0x08002244                TIM17_IRQHandler
                0x08002244                CEC_CAN_IRQHandler
                0x08002244                RTC_IRQHandler
                0x08002244                PVD_VDDIO2_IRQHandler
                0x08002244                TIM16_IRQHandler
                0x08002244                TIM3_IRQHandler
                0x08002244                EXTI4_15_IRQHandler
                0x08002244                USART3_8_IRQHandler
                0x08002244                Default_Handler
                0x08002244                TIM14_IRQHandler
                0x08002244                TIM7_IRQHandler
                0x08002244                TIM15_IRQHandler
                0x08002244                EXTI0_1_IRQHandler
                0x08002244                SPI2_IRQHandler
                0x08002244                DMA1_Ch2_3_DMA2_Ch1_2_IRQHandler
                0x08002244                SVC_Handler
                0x08002244                DMA1_Ch4_7_DMA2_Ch3_5_IRQHandler
                0x08002244                WWDG_IRQHandler
                0x08002244                TIM2_IRQHandler
                0x08002244                USART2_IRQHandler
                0x08002244                FLASH_IRQHandler
                0x08002244                USART1_IRQHandler
                0x08002244                TIM1_BRK_UP_TRG_COM_IRQHandler
 *fill*         0x08002246        0x2 
 .text.snprintf
                0x08002248       0x68 C:/ST/STM32CubeIDE_1.16.1/STM32CubeIDE/plugins/com.st.stm32cube.ide.mcu.externaltools.gnu-tools-for-stm32.12.3.rel1.win32_1.0.200.202406191623/tools/bin/../lib/gcc/arm-none-eabi/12.3.1/../../../../arm-none-eabi/lib/thumb/v6-m/nofp\libc_nano.a(libc_a-snprintf.o)
                0x08002248                sniprintf
                0x08002248                snprintf
 .text.__errno  0x080022b0        0xc C:/ST/STM32CubeIDE_1.16.1/STM32CubeIDE/plugins/com.st.stm32cube.ide.mcu.externaltools.gnu-tools-for-stm32.12.3.rel1.win32_1.0.200.202406191623/tools/bin/../lib/gcc/arm-none-eabi/12.3.1/../../../../arm-none-eabi/lib/thumb/v6-m/nofp\libc_nano.a(libc_a-errno.o)
                0x080022b0                __errno
 .text.__libc_init_array
                0x080022bc       0x48 C:/ST/STM32CubeIDE_1.16.1/STM32CubeIDE/plugins/com.st.stm32cube.ide.mcu.externaltools.gnu-tools-for-stm32.12.3.rel1.win32_1.0.200.202406191623/tools/bin/../lib/gcc/arm-none-eabi/12.3.1/../../../../arm-none-eabi/lib/thumb/v6-m/nofp\libc_nano.a(libc_a-init.o)
                0x080022bc                __libc_init_array
 .text.__retarget_lock_acquire_recursive
                0x08002304        0x2 C:/ST/STM32CubeIDE_1.16.1/STM32CubeIDE/plugins/com.st.stm32cube.ide.mcu.externaltools.gnu-tools-for-stm32.12.3.rel1.win32_1.0.200.202406191623/tools/bin/../lib/gcc/arm-none-eabi/12.3.1/../../../../arm-none-eabi/lib/thumb/v6-m/nofp\libc_nano.a(libc_a-lock.o)
                0x08002304                __retarget_lock_acquire_recursive
 .text.__retarget_lock_release_recursive
                0x08002306        0x2 C:/ST/STM32CubeIDE_1.16.1/STM32CubeIDE/plugins/com.st.stm32cube.ide.mcu.externaltools.gnu-tools-for-stm32.12.3.rel1.win32_1.0.200.202406191623/tools/bin/../lib/gcc/arm-none-eabi/12.3.1/../../../../arm-none-eabi/lib/thumb/v6-m/nofp\libc_nano.a(libc_a-lock.o)
                0x08002306                __retarget_lock_release_recursive
 .text.memcpy   0x08002308       0x12 C:/ST/STM32CubeIDE_1.16.1/STM32CubeIDE/plugins/com.st.stm32cube.ide.mcu.externaltools.gnu-tools-for-stm32.12.3.rel1.win32_1.0.200.202406191623/tools/bin/../lib/gcc/arm-none-eabi/12.3.1/../../../../arm-none-eabi/lib/thumb/v6-m/nofp\libc_nano.a(libc_a-memcpy-stub.o)
                0x08002308                memcpy
 *fill*         0x0800231a        0x2 
 .text._free_r  0x0800231c       0x94 C:/ST/STM32CubeIDE_1.16.1/STM32CubeIDE/plugins/com.st.stm32cube.ide.mcu.externaltools.gnu-tools-for-stm32.12.3.rel1.win32_1.0.200.202406191623/tools/bin/../lib/gcc/arm-none-eabi/12.3.1/../../../../arm-none-eabi/lib/thumb/v6-m/nofp\libc_nano.a(libc_a-freer.o)
                0x0800231c                _free_r
 .text.sbrk_aligned
                0x080023b0       0x44 C:/ST/STM32CubeIDE_1.16.1/STM32CubeIDE/plugins/com.st.stm32cube.ide.mcu.externaltools.gnu-tools-for-stm32.12.3.rel1.win32_1.0.200.202406191623/tools/bin/../lib/gcc/arm-none-eabi/12.3.1/../../../../arm-none-eabi/lib/thumb/v6-m/nofp\libc_nano.a(libc_a-mallocr.o)
 .text._malloc_r
                0x080023f4      0x100 C:/ST/STM32CubeIDE_1.16.1/STM32CubeIDE/plugins/com.st.stm32cube.ide.mcu.externaltools.gnu-tools-for-stm32.12.3.rel1.win32_1.0.200.202406191623/tools/bin/../lib/gcc/arm-none-eabi/12.3.1/../../../../arm-none-eabi/lib/thumb/v6-m/nofp\libc_nano.a(libc_a-mallocr.o)
                0x080023f4                _malloc_r
 .text.__malloc_lock
                0x080024f4       0x10 C:/ST/STM32CubeIDE_1.16.1/STM32CubeIDE/plugins/com.st.stm32cube.ide.mcu.externaltools.gnu-tools-for-stm32.12.3.rel1.win32_1.0.200.202406191623/tools/bin/../lib/gcc/arm-none-eabi/12.3.1/../../../../arm-none-eabi/lib/thumb/v6-m/nofp\libc_nano.a(libc_a-mlock.o)
                0x080024f4                __malloc_lock
 .text.__malloc_unlock
                0x08002504       0x10 C:/ST/STM32CubeIDE_1.16.1/STM32CubeIDE/plugins/com.st.stm32cube.ide.mcu.externaltools.gnu-tools-for-stm32.12.3.rel1.win32_1.0.200.202406191623/tools/bin/../lib/gcc/arm-none-eabi/12.3.1/../../../../arm-none-eabi/lib/thumb/v6-m/nofp\libc_nano.a(libc_a-mlock.o)
                0x08002504                __malloc_unlock
 .text.__ssputs_r
                0x08002514       0xc0 C:/ST/STM32CubeIDE_1.16.1/STM32CubeIDE/plugins/com.st.stm32cube.ide.mcu.externaltools.gnu-tools-for-stm32.12.3.rel1.win32_1.0.200.202406191623/tools/bin/../lib/gcc/arm-none-eabi/12.3.1/../../../../arm-none-eabi/lib/thumb/v6-m/nofp\libc_nano.a(libc_a-nano-svfprintf.o)
                0x08002514                __ssputs_r
 .text._svfprintf_r
                0x080025d4      0x1fc C:/ST/STM32CubeIDE_1.16.1/STM32CubeIDE/plugins/com.st.stm32cube.ide.mcu.externaltools.gnu-tools-for-stm32.12.3.rel1.win32_1.0.200.202406191623/tools/bin/../lib/gcc/arm-none-eabi/12.3.1/../../../../arm-none-eabi/lib/thumb/v6-m/nofp\libc_nano.a(libc_a-nano-svfprintf.o)
                0x080025d4                _svfiprintf_r
                0x080025d4                _svfprintf_r
 .text._printf_common
                0x080027d0       0xde C:/ST/STM32CubeIDE_1.16.1/STM32CubeIDE/plugins/com.st.stm32cube.ide.mcu.externaltools.gnu-tools-for-stm32.12.3.rel1.win32_1.0.200.202406191623/tools/bin/../lib/gcc/arm-none-eabi/12.3.1/../../../../arm-none-eabi/lib/thumb/v6-m/nofp\libc_nano.a(libc_a-nano-vfprintf_i.o)
                0x080027d0                _printf_common
 *fill*         0x080028ae        0x2 
 .text._printf_i
                0x080028b0      0x21c C:/ST/STM32CubeIDE_1.16.1/STM32CubeIDE/plugins/com.st.stm32cube.ide.mcu.externaltools.gnu-tools-for-stm32.12.3.rel1.win32_1.0.200.202406191623/tools/bin/../lib/gcc/arm-none-eabi/12.3.1/../../../../arm-none-eabi/lib/thumb/v6-m/nofp\libc_nano.a(libc_a-nano-vfprintf_i.o)
                0x080028b0                _printf_i
 .text.memmove  0x08002acc       0x26 C:/ST/STM32CubeIDE_1.16.1/STM32CubeIDE/plugins/com.st.stm32cube.ide.mcu.externaltools.gnu-tools-for-stm32.12.3.rel1.win32_1.0.200.202406191623/tools/bin/../lib/gcc/arm-none-eabi/12.3.1/../../../../arm-none-eabi/lib/thumb/v6-m/nofp\libc_nano.a(libc_a-memmove.o)
                0x08002acc                memmove
 *fill*         0x08002af2        0x2 
 .text._sbrk_r  0x08002af4       0x24 C:/ST/STM32CubeIDE_1.16.1/STM32CubeIDE/plugins/com.st.stm32cube.ide.mcu.externaltools.gnu-tools-for-stm32.12.3.rel1.win32_1.0.200.202406191623/tools/bin/../lib/gcc/arm-none-eabi/12.3.1/../../../../arm-none-eabi/lib/thumb/v6-m/nofp\libc_nano.a(libc_a-sbrkr.o)
                0x08002af4                _sbrk_r
 .text.memchr   0x08002b18       0x16 C:/ST/STM32CubeIDE_1.16.1/STM32CubeIDE/plugins/com.st.stm32cube.ide.mcu.externaltools.gnu-tools-for-stm32.12.3.rel1.win32_1.0.200.202406191623/tools/bin/../lib/gcc/arm-none-eabi/12.3.1/../../../../arm-none-eabi/lib/thumb/v6-m/nofp\libc_nano.a(libc_a-memchr-stub.o)
                0x08002b18                memchr
 .text._realloc_r
                0x08002b2e       0x5e C:/ST/STM32CubeIDE_1.16.1/STM32CubeIDE/plugins/com.st.stm32cube.ide.mcu.externaltools.gnu-tools-for-stm32.12.3.rel1.win32_1.0.200.202406191623/tools/bin/../lib/gcc/arm-none-eabi/12.3.1/../../../../arm-none-eabi/lib/thumb/v6-m/nofp\libc_nano.a(libc_a-reallocr.o)
                0x08002b2e                _realloc_r
 .text._malloc_usable_size_r
                0x08002b8c       0x10 C:/ST/STM32CubeIDE_1.16.1/STM32CubeIDE/plugins/com.st.stm32cube.ide.mcu.externaltools.gnu-tools-for-stm32.12.3.rel1.win32_1.0.200.202406191623/tools/bin/../lib/gcc/arm-none-eabi/12.3.1/../../../../arm-none-eabi/lib/thumb/v6-m/nofp\libc_nano.a(libc_a-msizer.o)
                0x08002b8c                _malloc_usable_size_r
 *(.glue_7)
 .glue_7        0x08002b9c        0x0 linker stubs
 *(.glue_7t)
 .glue_7t       0x08002b9c        0x0 linker stubs
 *(.eh_frame)
 .eh_frame      0x08002b9c        0x0 C:/ST/STM32CubeIDE_1.16.1/STM32CubeIDE/plugins/com.st.stm32cube.ide.mcu.externaltools.gnu-tools-for-stm32.12.3.rel1.win32_1.0.200.202406191623/tools/bin/../lib/gcc/arm-none-eabi/12.3.1/thumb/v6-m/nofp/crtbegin.o
 *(.init)
 .init          0x08002b9c        0x4 C:/ST/STM32CubeIDE_1.16.1/STM32CubeIDE/plugins/com.st.stm32cube.ide.mcu.externaltools.gnu-tools-for-stm32.12.3.rel1.win32_1.0.200.202406191623/tools/bin/../lib/gcc/arm-none-eabi/12.3.1/thumb/v6-m/nofp/crti.o
                0x08002b9c                _init
 .init          0x08002ba0        0x8 C:/ST/STM32CubeIDE_1.16.1/STM32CubeIDE/plugins/com.st.stm32cube.ide.mcu.externaltools.gnu-tools-for-stm32.12.3.rel1.win32_1.0.200.202406191623/tools/bin/../lib/gcc/arm-none-eabi/12.3.1/thumb/v6-m/nofp/crtn.o
 *(.fini)
 .fini          0x08002ba8        0x4 C:/ST/STM32CubeIDE_1.16.1/STM32CubeIDE/plugins/com.st.stm32cube.ide.mcu.externaltools.gnu-tools-for-stm32.12.3.rel1.win32_1.0.200.202406191623/tools/bin/../lib/gcc/arm-none-eabi/12.3.1/thumb/v6-m/nofp/crti.o
                0x08002ba8                _fini
 .fini          0x08002bac        0x8 C:/ST/STM32CubeIDE_1.16.1/STM32CubeIDE/plugins/com.st.stm32cube.ide.mcu.externaltools.gnu-tools-for-stm32.12.3.rel1.win32_1.0.200.202406191623/tools/bin/../lib/gcc/arm-none-eabi/12.3.1/thumb/v6-m/nofp/crtn.o
                0x08002bb4                        . = ALIGN (0x4)
                0x08002bb4                        _etext = .

.vfp11_veneer   0x08002bb4        0x0
 .vfp11_veneer  0x08002bb4        0x0 linker stubs

.v4_bx          0x08002bb4        0x0
 .v4_bx         0x08002bb4        0x0 linker stubs

.iplt           0x08002bb4        0x0
 .iplt          0x08002bb4        0x0 C:/ST/STM32CubeIDE_1.16.1/STM32CubeIDE/plugins/com.st.stm32cube.ide.mcu.externaltools.gnu-tools-for-stm32.12.3.rel1.win32_1.0.200.202406191623/tools/bin/../lib/gcc/arm-none-eabi/12.3.1/thumb/v6-m/nofp/crtbegin.o

.rodata         0x08002bb4       0xe4
                0x08002bb4                        . = ALIGN (0x4)
 *(.rodata)
 .rodata        0x08002bb4       0x9e ./Core/Src/main.o
 *(.rodata*)
 *fill*         0x08002c52        0x2 
 .rodata.AHBPrescTable
                0x08002c54       0x10 ./Core/Src/system_stm32f0xx.o
                0x08002c54                AHBPrescTable
 .rodata._svfprintf_r.str1.1
                0x08002c64       0x11 C:/ST/STM32CubeIDE_1.16.1/STM32CubeIDE/plugins/com.st.stm32cube.ide.mcu.externaltools.gnu-tools-for-stm32.12.3.rel1.win32_1.0.200.202406191623/tools/bin/../lib/gcc/arm-none-eabi/12.3.1/../../../../arm-none-eabi/lib/thumb/v6-m/nofp\libc_nano.a(libc_a-nano-svfprintf.o)
 .rodata._printf_i.str1.1
                0x08002c75       0x22 C:/ST/STM32CubeIDE_1.16.1/STM32CubeIDE/plugins/com.st.stm32cube.ide.mcu.externaltools.gnu-tools-for-stm32.12.3.rel1.win32_1.0.200.202406191623/tools/bin/../lib/gcc/arm-none-eabi/12.3.1/../../../../arm-none-eabi/lib/thumb/v6-m/nofp\libc_nano.a(libc_a-nano-vfprintf_i.o)
                0x08002c98                        . = ALIGN (0x4)
 *fill*         0x08002c97        0x1 

.ARM.extab      0x08002c98        0x0
                0x08002c98                        . = ALIGN (0x4)
 *(.ARM.extab* .gnu.linkonce.armextab.*)
                0x08002c98                        . = ALIGN (0x4)

.ARM            0x08002c98        0x0
                0x08002c98                        . = ALIGN (0x4)
                0x08002c98                        __exidx_start = .
 *(.ARM.exidx*)
                0x08002c98                        __exidx_end = .
                0x08002c98                        . = ALIGN (0x4)

.preinit_array  0x08002c98        0x0
                0x08002c98                        . = ALIGN (0x4)
                0x08002c98                        PROVIDE (__preinit_array_start = .)
 *(.preinit_array*)
                0x08002c98                        PROVIDE (__preinit_array_end = .)
                0x08002c98                        . = ALIGN (0x4)

.init_array     0x08002c98        0x8
                0x08002c98                        . = ALIGN (0x4)
                0x08002c98                        PROVIDE (__init_array_start = .)
 *(SORT_BY_NAME(.init_array.*))
 *(.init_array*)
 .init_array    0x08002c98        0x4 C:/ST/STM32CubeIDE_1.16.1/STM32CubeIDE/plugins/com.st.stm32cube.ide.mcu.externaltools.gnu-tools-for-stm32.12.3.rel1.win32_1.0.200.202406191623/tools/bin/../lib/gcc/arm-none-eabi/12.3.1/thumb/v6-m/nofp/crtbegin.o
 .init_array    0x08002c9c        0x4 ./Core/Src/main.o
                0x08002ca0                        PROVIDE (__init_array_end = .)
                0x08002ca0                        . = ALIGN (0x4)

.fini_array     0x08002ca0        0x4
                0x08002ca0                        . = ALIGN (0x4)
                [!provide]                        PROVIDE (__fini_array_start = .)
 *(SORT_BY_NAME(.fini_array.*))
 *(.fini_array*)
 .fini_array    0x08002ca0        0x4 C:/ST/STM32CubeIDE_1.16.1/STM32CubeIDE/plugins/com.st.stm32cube.ide.mcu.externaltools.gnu-tools-for-stm32.12.3.rel1.win32_1.0.200.202406191623/tools/bin/../lib/gcc/arm-none-eabi/12.3.1/thumb/v6-m/nofp/crtbegin.o
                [!provide]                        PROVIDE (__fini_array_end = .)
                0x08002ca4                        . = ALIGN (0x4)
                0x08002ca4                        _sidata = LOADADDR (.data)

.rel.dyn        0x08002ca4        0x0
 .rel.iplt      0x08002ca4        0x0 C:/ST/STM32CubeIDE_1.16.1/STM32CubeIDE/plugins/com.st.stm32cube.ide.mcu.externaltools.gnu-tools-for-stm32.12.3.rel1.win32_1.0.200.202406191623/tools/bin/../lib/gcc/arm-none-eabi/12.3.1/thumb/v6-m/nofp/crtbegin.o

.data           0x20000000       0x78 load address 0x08002ca4
                0x20000000                        . = ALIGN (0x4)
                0x20000000                        _sdata = .
 *(.data)
 *(.data*)
 .data._ZL6lights
                0x20000000        0x3 ./Core/Src/main.o
 .data._ZL8speedPct
                0x20000003        0x1 ./Core/Src/main.o
 .data._ZL6params
                0x20000004       0x1c ./Core/Src/main.o
 .data._ZL14manualSpeedPct
                0x20000020        0x1 ./Core/Src/main.o
 .data._ZL12autoSpeedPct
                0x20000021        0x1 ./Core/Src/main.o
 *fill*         0x20000022        0x2 
 .data.SystemCoreClock
                0x20000024        0x4 ./Core/Src/system_stm32f0xx.o
                0x20000024                SystemCoreClock
 .data._impure_ptr
                0x20000028        0x4 C:/ST/STM32CubeIDE_1.16.1/STM32CubeIDE/plugins/com.st.stm32cube.ide.mcu.externaltools.gnu-tools-for-stm32.12.3.rel1.win32_1.0.200.202406191623/tools/bin/../lib/gcc/arm-none-eabi/12.3.1/../../../../arm-none-eabi/lib/thumb/v6-m/nofp\libc_nano.a(libc_a-impure.o)
                0x20000028                _impure_ptr
 .data._impure_data
                0x2000002c       0x4c C:/ST/STM32CubeIDE_1.16.1/STM32CubeIDE/plugins/com.st.stm32cube.ide.mcu.externaltools.gnu-tools-for-stm32.12.3.rel1.win32_1.0.200.202406191623/tools/bin/../lib/gcc/arm-none-eabi/12.3.1/../../../../arm-none-eabi/lib/thumb/v6-m/nofp\libc_nano.a(libc_a-impure.o)
                0x2000002c                _impure_data
 *(.RamFunc)
 *(.RamFunc*)
                0x20000078                        . = ALIGN (0x4)
                0x20000078                        _edata = .

.igot.plt       0x20000078        0x0 load address 0x08002d1c
 .igot.plt      0x20000078        0x0 C:/ST/STM32CubeIDE_1.16.1/STM32CubeIDE/plugins/com.st.stm32cube.ide.mcu.externaltools.gnu-tools-for-stm32.12.3.rel1.win32_1.0.200.202406191623/tools/bin/../lib/gcc/arm-none-eabi/12.3.1/thumb/v6-m/nofp/crtbegin.o
                0x20000078                        . = ALIGN (0x4)

.bss            0x20000078      0x1c8 load address 0x08002d1c
                0x20000078                        _sbss = .
                0x20000078                        __bss_start__ = _sbss
 *(.bss)
 .bss           0x20000078       0x1c C:/ST/STM32CubeIDE_1.16.1/STM32CubeIDE/plugins/com.st.stm32cube.ide.mcu.externaltools.gnu-tools-for-stm32.12.3.rel1.win32_1.0.200.202406191623/tools/bin/../lib/gcc/arm-none-eabi/12.3.1/thumb/v6-m/nofp/crtbegin.o
 *(.bss*)
 .bss._ZL4g_ms  0x20000094        0x4 ./Core/Src/hw/Timebase.o
 .bss._ZL5motor
                0x20000098        0x1 ./Core/Src/main.o
 *fill*         0x20000099        0x3 
 .bss._ZL7usFront
                0x2000009c       0x14 ./Core/Src/main.o
 .bss._ZL6usRear
                0x200000b0       0x14 ./Core/Src/main.o
 .bss._ZL13sensorShotReq
                0x200000c4        0x1 ./Core/Src/main.o
 .bss._ZL14sensorsEnabled
                0x200000c5        0x1 ./Core/Src/main.o
 .bss._ZL10sensorBusy
                0x200000c6        0x1 ./Core/Src/main.o
 *fill*         0x200000c7        0x1 
 .bss._ZL16nextSensorTickMs
                0x200000c8        0x4 ./Core/Src/main.o
 .bss._ZL6loopMs
                0x200000cc        0x4 ./Core/Src/main.o
 .bss._ZL8autonomy
                0x200000d0       0x14 ./Core/Src/main.o
 .bss._ZL11autoAllowed
                0x200000e4        0x1 ./Core/Src/main.o
 .bss._ZL10autoActive
                0x200000e5        0x1 ./Core/Src/main.o
 *fill*         0x200000e6        0x2 
 .bss._ZL17lastManualDriveMs
                0x200000e8        0x4 ./Core/Src/main.o
 .bss._ZL14nextAutoTickMs
                0x200000ec        0x4 ./Core/Src/main.o
 .bss.__sbrk_heap_end
                0x200000f0        0x4 ./Core/Src/sysmem.o
 .bss._ZN16UltrasonicSensor12tim2_inited_E
                0x200000f4        0x1 ./Core/Src/sensors/UltrasonicSensor.o
                0x200000f4                UltrasonicSensor::tim2_inited_
 *fill*         0x200000f5        0x3 
 .bss.__sf      0x200000f8      0x138 C:/ST/STM32CubeIDE_1.16.1/STM32CubeIDE/plugins/com.st.stm32cube.ide.mcu.externaltools.gnu-tools-for-stm32.12.3.rel1.win32_1.0.200.202406191623/tools/bin/../lib/gcc/arm-none-eabi/12.3.1/../../../../arm-none-eabi/lib/thumb/v6-m/nofp\libc_nano.a(libc_a-findfp.o)
                0x200000f8                __sf
 .bss.errno     0x20000230        0x4 C:/ST/STM32CubeIDE_1.16.1/STM32CubeIDE/plugins/com.st.stm32cube.ide.mcu.externaltools.gnu-tools-for-stm32.12.3.rel1.win32_1.0.200.202406191623/tools/bin/../lib/gcc/arm-none-eabi/12.3.1/../../../../arm-none-eabi/lib/thumb/v6-m/nofp\libc_nano.a(libc_a-reent.o)
                0x20000230                errno
 .bss.__lock___malloc_recursive_mutex
                0x20000234        0x1 C:/ST/STM32CubeIDE_1.16.1/STM32CubeIDE/plugins/com.st.stm32cube.ide.mcu.externaltools.gnu-tools-for-stm32.12.3.rel1.win32_1.0.200.202406191623/tools/bin/../lib/gcc/arm-none-eabi/12.3.1/../../../../arm-none-eabi/lib/thumb/v6-m/nofp\libc_nano.a(libc_a-lock.o)
                0x20000234                __lock___malloc_recursive_mutex
 *fill*         0x20000235        0x3 
 .bss.__malloc_sbrk_start
                0x20000238        0x4 C:/ST/STM32CubeIDE_1.16.1/STM32CubeIDE/plugins/com.st.stm32cube.ide.mcu.externaltools.gnu-tools-for-stm32.12.3.rel1.win32_1.0.200.202406191623/tools/bin/../lib/gcc/arm-none-eabi/12.3.1/../../../../arm-none-eabi/lib/thumb/v6-m/nofp\libc_nano.a(libc_a-mallocr.o)
                0x20000238                __malloc_sbrk_start
 .bss.__malloc_free_list
                0x2000023c        0x4 C:/ST/STM32CubeIDE_1.16.1/STM32CubeIDE/plugins/com.st.stm32cube.ide.mcu.externaltools.gnu-tools-for-stm32.12.3.rel1.win32_1.0.200.202406191623/tools/bin/../lib/gcc/arm-none-eabi/12.3.1/../../../../arm-none-eabi/lib/thumb/v6-m/nofp\libc_nano.a(libc_a-mallocr.o)
                0x2000023c                __malloc_free_list
 *(COMMON)
                0x20000240                        . = ALIGN (0x4)
                0x20000240                        _ebss = .
                0x20000240                        __bss_end__ = _ebss

._user_heap_stack
                0x20000240      0x600 load address 0x08002d1c
                0x20000240                        . = ALIGN (0x8)
                [!provide]                        PROVIDE (end = .)
                0x20000240                        PROVIDE (_end = .)
                0x20000440                        . = (. + _Min_Heap_Size)
 *fill*         0x20000240      0x200 
                0x20000840                        . = (. + _Min_Stack_Size)
 *fill*         0x20000440      0x400 
                0x20000840                        . = ALIGN (0x8)

/DISCARD/
 libc.a(*)
 libm.a(*)
 libgcc.a(*)

.ARM.attributes
                0x00000000       0x28
 *(.ARM.attributes)
 .ARM.attributes
                0x00000000       0x1e C:/ST/STM32CubeIDE_1.16.1/STM32CubeIDE/plugins/com.st.stm32cube.ide.mcu.externaltools.gnu-tools-for-stm32.12.3.rel1.win32_1.0.200.202406191623/tools/bin/../lib/gcc/arm-none-eabi/12.3.1/thumb/v6-m/nofp/crti.o
 .ARM.attributes
                0x0000001e       0x2c C:/ST/STM32CubeIDE_1.16.1/STM32CubeIDE/plugins/com.st.stm32cube.ide.mcu.externaltools.gnu-tools-for-stm32.12.3.rel1.win32_1.0.200.202406191623/tools/bin/../lib/gcc/arm-none-eabi/12.3.1/thumb/v6-m/nofp/crtbegin.o
 .ARM.attributes
                0x0000004a       0x2c ./Core/Src/app/AutonomyController.o
 .ARM.attributes
                0x00000076       0x2c ./Core/Src/app/Lights.o
 .ARM.attributes
                0x000000a2       0x2c ./Core/Src/app/MotorDriver.o
 .ARM.attributes
                0x000000ce       0x2c ./Core/Src/hw/Clock.o
 .ARM.attributes
                0x000000fa       0x2c ./Core/Src/hw/Gpio.o
 .ARM.attributes
                0x00000126       0x2c ./Core/Src/hw/Timebase.o
 .ARM.attributes
                0x00000152       0x2c ./Core/Src/hw/Uart.o
 .ARM.attributes
                0x0000017e       0x2c ./Core/Src/main.o
 .ARM.attributes
                0x000001aa       0x2c ./Core/Src/sysmem.o
 .ARM.attributes
                0x000001d6       0x2c ./Core/Src/system_stm32f0xx.o
 .ARM.attributes
                0x00000202       0x2c ./Core/Src/sensors/UltrasonicSensor.o
 .ARM.attributes
                0x0000022e       0x21 ./Core/Startup/startup_stm32f091rctx.o
 .ARM.attributes
                0x0000024f       0x2c C:/ST/STM32CubeIDE_1.16.1/STM32CubeIDE/plugins/com.st.stm32cube.ide.mcu.externaltools.gnu-tools-for-stm32.12.3.rel1.win32_1.0.200.202406191623/tools/bin/../lib/gcc/arm-none-eabi/12.3.1/../../../../arm-none-eabi/lib/thumb/v6-m/nofp\libc_nano.a(libc_a-findfp.o)
 .ARM.attributes
                0x0000027b       0x2c C:/ST/STM32CubeIDE_1.16.1/STM32CubeIDE/plugins/com.st.stm32cube.ide.mcu.externaltools.gnu-tools-for-stm32.12.3.rel1.win32_1.0.200.202406191623/tools/bin/../lib/gcc/arm-none-eabi/12.3.1/../../../../arm-none-eabi/lib/thumb/v6-m/nofp\libc_nano.a(libc_a-snprintf.o)
 .ARM.attributes
                0x000002a7       0x2c C:/ST/STM32CubeIDE_1.16.1/STM32CubeIDE/plugins/com.st.stm32cube.ide.mcu.externaltools.gnu-tools-for-stm32.12.3.rel1.win32_1.0.200.202406191623/tools/bin/../lib/gcc/arm-none-eabi/12.3.1/../../../../arm-none-eabi/lib/thumb/v6-m/nofp\libc_nano.a(libc_a-reent.o)
 .ARM.attributes
                0x000002d3       0x2c C:/ST/STM32CubeIDE_1.16.1/STM32CubeIDE/plugins/com.st.stm32cube.ide.mcu.externaltools.gnu-tools-for-stm32.12.3.rel1.win32_1.0.200.202406191623/tools/bin/../lib/gcc/arm-none-eabi/12.3.1/../../../../arm-none-eabi/lib/thumb/v6-m/nofp\libc_nano.a(libc_a-impure.o)
 .ARM.attributes
                0x000002ff       0x2c C:/ST/STM32CubeIDE_1.16.1/STM32CubeIDE/plugins/com.st.stm32cube.ide.mcu.externaltools.gnu-tools-for-stm32.12.3.rel1.win32_1.0.200.202406191623/tools/bin/../lib/gcc/arm-none-eabi/12.3.1/../../../../arm-none-eabi/lib/thumb/v6-m/nofp\libc_nano.a(libc_a-errno.o)
 .ARM.attributes
                0x0000032b       0x2c C:/ST/STM32CubeIDE_1.16.1/STM32CubeIDE/plugins/com.st.stm32cube.ide.mcu.externaltools.gnu-tools-for-stm32.12.3.rel1.win32_1.0.200.202406191623/tools/bin/../lib/gcc/arm-none-eabi/12.3.1/../../../../arm-none-eabi/lib/thumb/v6-m/nofp\libc_nano.a(libc_a-init.o)
 .ARM.attributes
                0x00000357       0x2c C:/ST/STM32CubeIDE_1.16.1/STM32CubeIDE/plugins/com.st.stm32cube.ide.mcu.externaltools.gnu-tools-for-stm32.12.3.rel1.win32_1.0.200.202406191623/tools/bin/../lib/gcc/arm-none-eabi/12.3.1/../../../../arm-none-eabi/lib/thumb/v6-m/nofp\libc_nano.a(libc_a-lock.o)
 .ARM.attributes
                0x00000383       0x2c C:/ST/STM32CubeIDE_1.16.1/STM32CubeIDE/plugins/com.st.stm32cube.ide.mcu.externaltools.gnu-tools-for-stm32.12.3.rel1.win32_1.0.200.202406191623/tools/bin/../lib/gcc/arm-none-eabi/12.3.1/../../../../arm-none-eabi/lib/thumb/v6-m/nofp\libc_nano.a(libc_a-memcpy-stub.o)
 .ARM.attributes
                0x000003af       0x2c C:/ST/STM32CubeIDE_1.16.1/STM32CubeIDE/plugins/com.st.stm32cube.ide.mcu.externaltools.gnu-tools-for-stm32.12.3.rel1.win32_1.0.200.202406191623/tools/bin/../lib/gcc/arm-none-eabi/12.3.1/../../../../arm-none-eabi/lib/thumb/v6-m/nofp\libc_nano.a(libc_a-freer.o)
 .ARM.attributes
                0x000003db       0x2c C:/ST/STM32CubeIDE_1.16.1/STM32CubeIDE/plugins/com.st.stm32cube.ide.mcu.externaltools.gnu-tools-for-stm32.12.3.rel1.win32_1.0.200.202406191623/tools/bin/../lib/gcc/arm-none-eabi/12.3.1/../../../../arm-none-eabi/lib/thumb/v6-m/nofp\libc_nano.a(libc_a-mallocr.o)
 .ARM.attributes
                0x00000407       0x2c C:/ST/STM32CubeIDE_1.16.1/STM32CubeIDE/plugins/com.st.stm32cube.ide.mcu.externaltools.gnu-tools-for-stm32.12.3.rel1.win32_1.0.200.202406191623/tools/bin/../lib/gcc/arm-none-eabi/12.3.1/../../../../arm-none-eabi/lib/thumb/v6-m/nofp\libc_nano.a(libc_a-mlock.o)
 .ARM.attributes
                0x00000433       0x2c C:/ST/STM32CubeIDE_1.16.1/STM32CubeIDE/plugins/com.st.stm32cube.ide.mcu.externaltools.gnu-tools-for-stm32.12.3.rel1.win32_1.0.200.202406191623/tools/bin/../lib/gcc/arm-none-eabi/12.3.1/../../../../arm-none-eabi/lib/thumb/v6-m/nofp\libc_nano.a(libc_a-nano-svfprintf.o)
 .ARM.attributes
                0x0000045f       0x2c C:/ST/STM32CubeIDE_1.16.1/STM32CubeIDE/plugins/com.st.stm32cube.ide.mcu.externaltools.gnu-tools-for-stm32.12.3.rel1.win32_1.0.200.202406191623/tools/bin/../lib/gcc/arm-none-eabi/12.3.1/../../../../arm-none-eabi/lib/thumb/v6-m/nofp\libc_nano.a(libc_a-nano-vfprintf_i.o)
 .ARM.attributes
                0x0000048b       0x2c C:/ST/STM32CubeIDE_1.16.1/STM32CubeIDE/plugins/com.st.stm32cube.ide.mcu.externaltools.gnu-tools-for-stm32.12.3.rel1.win32_1.0.200.202406191623/tools/bin/../lib/gcc/arm-none-eabi/12.3.1/../../../../arm-none-eabi/lib/thumb/v6-m/nofp\libc_nano.a(libc_a-memmove.o)
 .ARM.attributes
                0x000004b7       0x2c C:/ST/STM32CubeIDE_1.16.1/STM32CubeIDE/plugins/com.st.stm32cube.ide.mcu.externaltools.gnu-tools-for-stm32.12.3.rel1.win32_1.0.200.202406191623/tools/bin/../lib/gcc/arm-none-eabi/12.3.1/../../../../arm-none-eabi/lib/thumb/v6-m/nofp\libc_nano.a(libc_a-sbrkr.o)
 .ARM.attributes
                0x000004e3       0x2c C:/ST/STM32CubeIDE_1.16.1/STM32CubeIDE/plugins/com.st.stm32cube.ide.mcu.externaltools.gnu-tools-for-stm32.12.3.rel1.win32_1.0.200.202406191623/tools/bin/../lib/gcc/arm-none-eabi/12.3.1/../../../../arm-none-eabi/lib/thumb/v6-m/nofp\libc_nano.a(libc_a-memchr-stub.o)
 .ARM.attributes
                0x0000050f       0x2c C:/ST/STM32CubeIDE_1.16.1/STM32CubeIDE/plugins/com.st.stm32cube.ide.mcu.externaltools.gnu-tools-for-stm32.12.3.rel1.win32_1.0.200.202406191623/tools/bin/../lib/gcc/arm-none-eabi/12.3.1/../../../../arm-none-eabi/lib/thumb/v6-m/nofp\libc_nano.a(libc_a-reallocr.o)
 .ARM.attributes
                0x0000053b       0x2c C:/ST/STM32CubeIDE_1.16.1/STM32CubeIDE/plugins/com.st.stm32cube.ide.mcu.externaltools.gnu-tools-for-stm32.12.3.rel1.win32_1.0.200.202406191623/tools/bin/../lib/gcc/arm-none-eabi/12.3.1/../../../../arm-none-eabi/lib/thumb/v6-m/nofp\libc_nano.a(libc_a-msizer.o)
 .ARM.attributes
                0x00000567       0x1e C:/ST/STM32CubeIDE_1.16.1/STM32CubeIDE/plugins/com.st.stm32cube.ide.mcu.externaltools.gnu-tools-for-stm32.12.3.rel1.win32_1.0.200.202406191623/tools/bin/../lib/gcc/arm-none-eabi/12.3.1/thumb/v6-m/nofp\libgcc.a(_thumb1_case_shi.o)
 .ARM.attributes
                0x00000585       0x1e C:/ST/STM32CubeIDE_1.16.1/STM32CubeIDE/plugins/com.st.stm32cube.ide.mcu.externaltools.gnu-tools-for-stm32.12.3.rel1.win32_1.0.200.202406191623/tools/bin/../lib/gcc/arm-none-eabi/12.3.1/thumb/v6-m/nofp\libgcc.a(_udivsi3.o)
 .ARM.attributes
                0x000005a3       0x1e C:/ST/STM32CubeIDE_1.16.1/STM32CubeIDE/plugins/com.st.stm32cube.ide.mcu.externaltools.gnu-tools-for-stm32.12.3.rel1.win32_1.0.200.202406191623/tools/bin/../lib/gcc/arm-none-eabi/12.3.1/thumb/v6-m/nofp\libgcc.a(_dvmd_tls.o)
 .ARM.attributes
                0x000005c1       0x1e C:/ST/STM32CubeIDE_1.16.1/STM32CubeIDE/plugins/com.st.stm32cube.ide.mcu.externaltools.gnu-tools-for-stm32.12.3.rel1.win32_1.0.200.202406191623/tools/bin/../lib/gcc/arm-none-eabi/12.3.1/thumb/v6-m/nofp/crtn.o
OUTPUT(MyCar_ECU.elf elf32-littlearm)
LOAD linker stubs
LOAD C:/ST/STM32CubeIDE_1.16.1/STM32CubeIDE/plugins/com.st.stm32cube.ide.mcu.externaltools.gnu-tools-for-stm32.12.3.rel1.win32_1.0.200.202406191623/tools/bin/../lib/gcc/arm-none-eabi/12.3.1/../../../../arm-none-eabi/lib/thumb/v6-m/nofp\libc.a
LOAD C:/ST/STM32CubeIDE_1.16.1/STM32CubeIDE/plugins/com.st.stm32cube.ide.mcu.externaltools.gnu-tools-for-stm32.12.3.rel1.win32_1.0.200.202406191623/tools/bin/../lib/gcc/arm-none-eabi/12.3.1/../../../../arm-none-eabi/lib/thumb/v6-m/nofp\libm.a
LOAD C:/ST/STM32CubeIDE_1.16.1/STM32CubeIDE/plugins/com.st.stm32cube.ide.mcu.externaltools.gnu-tools-for-stm32.12.3.rel1.win32_1.0.200.202406191623/tools/bin/../lib/gcc/arm-none-eabi/12.3.1/thumb/v6-m/nofp\libgcc.a

.debug_info     0x00000000     0x6659
 .debug_info    0x00000000      0x963 ./Core/Src/app/AutonomyController.o
 .debug_info    0x00000963      0x8c5 ./Core/Src/app/Lights.o
 .debug_info    0x00001228      0xa89 ./Core/Src/app/MotorDriver.o
 .debug_info    0x00001cb1      0x5ef ./Core/Src/hw/Clock.o
 .debug_info    0x000022a0      0x6e0 ./Core/Src/hw/Gpio.o
 .debug_info    0x00002980      0x884 ./Core/Src/hw/Timebase.o
 .debug_info    0x00003204      0x967 ./Core/Src/hw/Uart.o
 .debug_info    0x00003b6b     0x1a25 ./Core/Src/main.o
 .debug_info    0x00005590      0x168 ./Core/Src/sysmem.o
 .debug_info    0x000056f8      0x23b ./Core/Src/system_stm32f0xx.o
 .debug_info    0x00005933      0xcf6 ./Core/Src/sensors/UltrasonicSensor.o
 .debug_info    0x00006629       0x30 ./Core/Startup/startup_stm32f091rctx.o

.debug_abbrev   0x00000000     0x1876
 .debug_abbrev  0x00000000      0x24b ./Core/Src/app/AutonomyController.o
 .debug_abbrev  0x0000024b      0x270 ./Core/Src/app/Lights.o
 .debug_abbrev  0x000004bb      0x20e ./Core/Src/app/MotorDriver.o
 .debug_abbrev  0x000006c9      0x16c ./Core/Src/hw/Clock.o
 .debug_abbrev  0x00000835      0x1ba ./Core/Src/hw/Gpio.o
 .debug_abbrev  0x000009ef      0x251 ./Core/Src/hw/Timebase.o
 .debug_abbrev  0x00000c40      0x293 ./Core/Src/hw/Uart.o
 .debug_abbrev  0x00000ed3      0x47f ./Core/Src/main.o
 .debug_abbrev  0x00001352       0xbc ./Core/Src/sysmem.o
 .debug_abbrev  0x0000140e      0x11c ./Core/Src/system_stm32f0xx.o
 .debug_abbrev  0x0000152a      0x328 ./Core/Src/sensors/UltrasonicSensor.o
 .debug_abbrev  0x00001852       0x24 ./Core/Startup/startup_stm32f091rctx.o

.debug_aranges  0x00000000      0x3b0
 .debug_aranges
                0x00000000       0x40 ./Core/Src/app/AutonomyController.o
 .debug_aranges
                0x00000040       0x70 ./Core/Src/app/Lights.o
 .debug_aranges
                0x000000b0       0x90 ./Core/Src/app/MotorDriver.o
 .debug_aranges
                0x00000140       0x28 ./Core/Src/hw/Clock.o
 .debug_aranges
                0x00000168       0x48 ./Core/Src/hw/Gpio.o
 .debug_aranges
                0x000001b0       0x58 ./Core/Src/hw/Timebase.o
 .debug_aranges
                0x00000208       0x60 ./Core/Src/hw/Uart.o
 .debug_aranges
                0x00000268       0x68 ./Core/Src/main.o
 .debug_aranges
                0x000002d0       0x20 ./Core/Src/sysmem.o
 .debug_aranges
                0x000002f0       0x28 ./Core/Src/system_stm32f0xx.o
 .debug_aranges
                0x00000318       0x70 ./Core/Src/sensors/UltrasonicSensor.o
 .debug_aranges
                0x00000388       0x28 ./Core/Startup/startup_stm32f091rctx.o

.debug_rnglists
                0x00000000      0x2a8
 .debug_rnglists
                0x00000000       0x2c ./Core/Src/app/AutonomyController.o
 .debug_rnglists
                0x0000002c       0x50 ./Core/Src/app/Lights.o
 .debug_rnglists
                0x0000007c       0x69 ./Core/Src/app/MotorDriver.o
 .debug_rnglists
                0x000000e5       0x1b ./Core/Src/hw/Clock.o
 .debug_rnglists
                0x00000100       0x34 ./Core/Src/hw/Gpio.o
 .debug_rnglists
                0x00000134       0x3e ./Core/Src/hw/Timebase.o
 .debug_rnglists
                0x00000172       0x45 ./Core/Src/hw/Uart.o
 .debug_rnglists
                0x000001b7       0x5b ./Core/Src/main.o
 .debug_rnglists
                0x00000212       0x13 ./Core/Src/sysmem.o
 .debug_rnglists
                0x00000225       0x1a ./Core/Src/system_stm32f0xx.o
 .debug_rnglists
                0x0000023f       0x50 ./Core/Src/sensors/UltrasonicSensor.o
 .debug_rnglists
                0x0000028f       0x19 ./Core/Startup/startup_stm32f091rctx.o

.debug_macro    0x00000000    0x1468c
 .debug_macro   0x00000000       0xfc ./Core/Src/app/AutonomyController.o
 .debug_macro   0x000000fc      0xb5c ./Core/Src/app/AutonomyController.o
 .debug_macro   0x00000c58      0x1d6 ./Core/Src/app/AutonomyController.o
 .debug_macro   0x00000e2e       0x10 ./Core/Src/app/AutonomyController.o
 .debug_macro   0x00000e3e      0x409 ./Core/Src/app/AutonomyController.o
 .debug_macro   0x00001247       0x1c ./Core/Src/app/AutonomyController.o
 .debug_macro   0x00001263       0x22 ./Core/Src/app/AutonomyController.o
 .debug_macro   0x00001285       0x8e ./Core/Src/app/AutonomyController.o
 .debug_macro   0x00001313       0x51 ./Core/Src/app/AutonomyController.o
 .debug_macro   0x00001364      0x103 ./Core/Src/app/AutonomyController.o
 .debug_macro   0x00001467       0x6a ./Core/Src/app/AutonomyController.o
 .debug_macro   0x000014d1      0x1df ./Core/Src/app/AutonomyController.o
 .debug_macro   0x000016b0       0x2e ./Core/Src/app/AutonomyController.o
 .debug_macro   0x000016de       0x22 ./Core/Src/app/AutonomyController.o
 .debug_macro   0x00001700       0x1c ./Core/Src/app/AutonomyController.o
 .debug_macro   0x0000171c       0x22 ./Core/Src/app/AutonomyController.o
 .debug_macro   0x0000173e       0xaf ./Core/Src/app/AutonomyController.o
 .debug_macro   0x000017ed      0x391 ./Core/Src/app/AutonomyController.o
 .debug_macro   0x00001b7e    0x10e6b ./Core/Src/app/AutonomyController.o
 .debug_macro   0x000129e9       0x66 ./Core/Src/app/AutonomyController.o
 .debug_macro   0x00012a4f       0xfc ./Core/Src/app/Lights.o
 .debug_macro   0x00012b4b       0xfc ./Core/Src/app/MotorDriver.o
 .debug_macro   0x00012c47       0xf0 ./Core/Src/hw/Clock.o
 .debug_macro   0x00012d37       0xf0 ./Core/Src/hw/Gpio.o
 .debug_macro   0x00012e27       0xf0 ./Core/Src/hw/Timebase.o
 .debug_macro   0x00012f17       0xf4 ./Core/Src/hw/Uart.o
 .debug_macro   0x0001300b      0x1fe ./Core/Src/main.o
 .debug_macro   0x00013209       0x61 ./Core/Src/main.o
 .debug_macro   0x0001326a       0x24 ./Core/Src/main.o
 .debug_macro   0x0001328e       0x43 ./Core/Src/main.o
 .debug_macro   0x000132d1       0x34 ./Core/Src/main.o
 .debug_macro   0x00013305       0x16 ./Core/Src/main.o
 .debug_macro   0x0001331b       0x9e ./Core/Src/main.o
 .debug_macro   0x000133b9      0x38c ./Core/Src/main.o
 .debug_macro   0x00013745      0x112 ./Core/Src/main.o
 .debug_macro   0x00013857       0x10 ./Core/Src/main.o
 .debug_macro   0x00013867       0x16 ./Core/Src/main.o
 .debug_macro   0x0001387d       0x43 ./Core/Src/main.o
 .debug_macro   0x000138c0       0x34 ./Core/Src/main.o
 .debug_macro   0x000138f4       0x10 ./Core/Src/main.o
 .debug_macro   0x00013904       0x58 ./Core/Src/main.o
 .debug_macro   0x0001395c       0x8e ./Core/Src/main.o
 .debug_macro   0x000139ea       0x16 ./Core/Src/main.o
 .debug_macro   0x00013a00      0x177 ./Core/Src/main.o
 .debug_macro   0x00013b77       0x16 ./Core/Src/main.o
 .debug_macro   0x00013b8d       0x16 ./Core/Src/main.o
 .debug_macro   0x00013ba3      0x138 ./Core/Src/main.o
 .debug_macro   0x00013cdb      0x11d ./Core/Src/main.o
 .debug_macro   0x00013df8       0xff ./Core/Src/sysmem.o
 .debug_macro   0x00013ef7      0x23c ./Core/Src/sysmem.o
 .debug_macro   0x00014133       0xcc ./Core/Src/system_stm32f0xx.o
 .debug_macro   0x000141ff      0x391 ./Core/Src/system_stm32f0xx.o
 .debug_macro   0x00014590       0xfc ./Core/Src/sensors/UltrasonicSensor.o

.debug_line     0x00000000     0x6086
 .debug_line    0x00000000      0x8f7 ./Core/Src/app/AutonomyController.o
 .debug_line    0x000008f7      0x8ae ./Core/Src/app/Lights.o
 .debug_line    0x000011a5      0x98b ./Core/Src/app/MotorDriver.o
 .debug_line    0x00001b30      0x7dc ./Core/Src/hw/Clock.o
 .debug_line    0x0000230c      0x8d0 ./Core/Src/hw/Gpio.o
 .debug_line    0x00002bdc      0x876 ./Core/Src/hw/Timebase.o
 .debug_line    0x00003452      0xa31 ./Core/Src/hw/Uart.o
 .debug_line    0x00003e83      0xd19 ./Core/Src/main.o
 .debug_line    0x00004b9c      0x583 ./Core/Src/sysmem.o
 .debug_line    0x0000511f      0x571 ./Core/Src/system_stm32f0xx.o
 .debug_line    0x00005690      0x97b ./Core/Src/sensors/UltrasonicSensor.o
 .debug_line    0x0000600b       0x7b ./Core/Startup/startup_stm32f091rctx.o

.debug_str      0x00000000    0x69e73
 .debug_str     0x00000000    0x6497d ./Core/Src/app/AutonomyController.o
                              0x64c2f (size before relaxing)
 .debug_str     0x0006497d      0x2da ./Core/Src/app/Lights.o
                              0x649b9 (size before relaxing)
 .debug_str     0x00064c57      0x36c ./Core/Src/app/MotorDriver.o
                              0x64b2b (size before relaxing)
 .debug_str     0x00064fc3       0x8e ./Core/Src/hw/Clock.o
                              0x647f9 (size before relaxing)
 .debug_str     0x00065051       0x9f ./Core/Src/hw/Gpio.o
                              0x6483c (size before relaxing)
 .debug_str     0x000650f0      0x35b ./Core/Src/hw/Timebase.o
                              0x64ae0 (size before relaxing)
 .debug_str     0x0006544b      0x145 ./Core/Src/hw/Uart.o
                              0x648b2 (size before relaxing)
 .debug_str     0x00065590     0x3fe5 ./Core/Src/main.o
                              0x691ca (size before relaxing)
 .debug_str     0x00069575      0x706 ./Core/Src/sysmem.o
                               0x5fa8 (size before relaxing)
 .debug_str     0x00069c7b       0xd5 ./Core/Src/system_stm32f0xx.o
                              0x6271e (size before relaxing)
 .debug_str     0x00069d50       0xdf ./Core/Src/sensors/UltrasonicSensor.o
                              0x64ce4 (size before relaxing)
 .debug_str     0x00069e2f       0x44 ./Core/Startup/startup_stm32f091rctx.o
                                 0x74 (size before relaxing)

.comment        0x00000000       0x43
 .comment       0x00000000       0x43 ./Core/Src/app/AutonomyController.o
                                 0x44 (size before relaxing)
 .comment       0x00000043       0x44 ./Core/Src/app/Lights.o
 .comment       0x00000043       0x44 ./Core/Src/app/MotorDriver.o
 .comment       0x00000043       0x44 ./Core/Src/hw/Clock.o
 .comment       0x00000043       0x44 ./Core/Src/hw/Gpio.o
 .comment       0x00000043       0x44 ./Core/Src/hw/Timebase.o
 .comment       0x00000043       0x44 ./Core/Src/hw/Uart.o
 .comment       0x00000043       0x44 ./Core/Src/main.o
 .comment       0x00000043       0x44 ./Core/Src/sysmem.o
 .comment       0x00000043       0x44 ./Core/Src/system_stm32f0xx.o
 .comment       0x00000043       0x44 ./Core/Src/sensors/UltrasonicSensor.o

.debug_frame    0x00000000      0xfe0
 .debug_frame   0x00000000       0xb0 ./Core/Src/app/AutonomyController.o
 .debug_frame   0x000000b0      0x170 ./Core/Src/app/Lights.o
 .debug_frame   0x00000220      0x1f0 ./Core/Src/app/MotorDriver.o
 .debug_frame   0x00000410       0x4c ./Core/Src/hw/Clock.o
 .debug_frame   0x0000045c       0xd0 ./Core/Src/hw/Gpio.o
 .debug_frame   0x0000052c      0x104 ./Core/Src/hw/Timebase.o
 .debug_frame   0x00000630      0x138 ./Core/Src/hw/Uart.o
 .debug_frame   0x00000768      0x144 ./Core/Src/main.o
 .debug_frame   0x000008ac       0x30 ./Core/Src/sysmem.o
 .debug_frame   0x000008dc       0x4c ./Core/Src/system_stm32f0xx.o
 .debug_frame   0x00000928      0x174 ./Core/Src/sensors/UltrasonicSensor.o
 .debug_frame   0x00000a9c      0x138 C:/ST/STM32CubeIDE_1.16.1/STM32CubeIDE/plugins/com.st.stm32cube.ide.mcu.externaltools.gnu-tools-for-stm32.12.3.rel1.win32_1.0.200.202406191623/tools/bin/../lib/gcc/arm-none-eabi/12.3.1/../../../../arm-none-eabi/lib/thumb/v6-m/nofp\libc_nano.a(libc_a-findfp.o)
 .debug_frame   0x00000bd4       0x50 C:/ST/STM32CubeIDE_1.16.1/STM32CubeIDE/plugins/com.st.stm32cube.ide.mcu.externaltools.gnu-tools-for-stm32.12.3.rel1.win32_1.0.200.202406191623/tools/bin/../lib/gcc/arm-none-eabi/12.3.1/../../../../arm-none-eabi/lib/thumb/v6-m/nofp\libc_nano.a(libc_a-snprintf.o)
 .debug_frame   0x00000c24       0x2c C:/ST/STM32CubeIDE_1.16.1/STM32CubeIDE/plugins/com.st.stm32cube.ide.mcu.externaltools.gnu-tools-for-stm32.12.3.rel1.win32_1.0.200.202406191623/tools/bin/../lib/gcc/arm-none-eabi/12.3.1/../../../../arm-none-eabi/lib/thumb/v6-m/nofp\libc_nano.a(libc_a-reent.o)
 .debug_frame   0x00000c50       0x20 C:/ST/STM32CubeIDE_1.16.1/STM32CubeIDE/plugins/com.st.stm32cube.ide.mcu.externaltools.gnu-tools-for-stm32.12.3.rel1.win32_1.0.200.202406191623/tools/bin/../lib/gcc/arm-none-eabi/12.3.1/../../../../arm-none-eabi/lib/thumb/v6-m/nofp\libc_nano.a(libc_a-errno.o)
 .debug_frame   0x00000c70       0x2c C:/ST/STM32CubeIDE_1.16.1/STM32CubeIDE/plugins/com.st.stm32cube.ide.mcu.externaltools.gnu-tools-for-stm32.12.3.rel1.win32_1.0.200.202406191623/tools/bin/../lib/gcc/arm-none-eabi/12.3.1/../../../../arm-none-eabi/lib/thumb/v6-m/nofp\libc_nano.a(libc_a-init.o)
 .debug_frame   0x00000c9c       0xb0 C:/ST/STM32CubeIDE_1.16.1/STM32CubeIDE/plugins/com.st.stm32cube.ide.mcu.externaltools.gnu-tools-for-stm32.12.3.rel1.win32_1.0.200.202406191623/tools/bin/../lib/gcc/arm-none-eabi/12.3.1/../../../../arm-none-eabi/lib/thumb/v6-m/nofp\libc_nano.a(libc_a-lock.o)
 .debug_frame   0x00000d4c       0x28 C:/ST/STM32CubeIDE_1.16.1/STM32CubeIDE/plugins/com.st.stm32cube.ide.mcu.externaltools.gnu-tools-for-stm32.12.3.rel1.win32_1.0.200.202406191623/tools/bin/../lib/gcc/arm-none-eabi/12.3.1/../../../../arm-none-eabi/lib/thumb/v6-m/nofp\libc_nano.a(libc_a-memcpy-stub.o)
 .debug_frame   0x00000d74       0x2c C:/ST/STM32CubeIDE_1.16.1/STM32CubeIDE/plugins/com.st.stm32cube.ide.mcu.externaltools.gnu-tools-for-stm32.12.3.rel1.win32_1.0.200.202406191623/tools/bin/../lib/gcc/arm-none-eabi/12.3.1/../../../../arm-none-eabi/lib/thumb/v6-m/nofp\libc_nano.a(libc_a-freer.o)
 .debug_frame   0x00000da0       0x50 C:/ST/STM32CubeIDE_1.16.1/STM32CubeIDE/plugins/com.st.stm32cube.ide.mcu.externaltools.gnu-tools-for-stm32.12.3.rel1.win32_1.0.200.202406191623/tools/bin/../lib/gcc/arm-none-eabi/12.3.1/../../../../arm-none-eabi/lib/thumb/v6-m/nofp\libc_nano.a(libc_a-mallocr.o)
 .debug_frame   0x00000df0       0x40 C:/ST/STM32CubeIDE_1.16.1/STM32CubeIDE/plugins/com.st.stm32cube.ide.mcu.externaltools.gnu-tools-for-stm32.12.3.rel1.win32_1.0.200.202406191623/tools/bin/../lib/gcc/arm-none-eabi/12.3.1/../../../../arm-none-eabi/lib/thumb/v6-m/nofp\libc_nano.a(libc_a-mlock.o)
 .debug_frame   0x00000e30       0x74 C:/ST/STM32CubeIDE_1.16.1/STM32CubeIDE/plugins/com.st.stm32cube.ide.mcu.externaltools.gnu-tools-for-stm32.12.3.rel1.win32_1.0.200.202406191623/tools/bin/../lib/gcc/arm-none-eabi/12.3.1/../../../../arm-none-eabi/lib/thumb/v6-m/nofp\libc_nano.a(libc_a-nano-svfprintf.o)
 .debug_frame   0x00000ea4       0x54 C:/ST/STM32CubeIDE_1.16.1/STM32CubeIDE/plugins/com.st.stm32cube.ide.mcu.externaltools.gnu-tools-for-stm32.12.3.rel1.win32_1.0.200.202406191623/tools/bin/../lib/gcc/arm-none-eabi/12.3.1/../../../../arm-none-eabi/lib/thumb/v6-m/nofp\libc_nano.a(libc_a-nano-vfprintf_i.o)
 .debug_frame   0x00000ef8       0x28 C:/ST/STM32CubeIDE_1.16.1/STM32CubeIDE/plugins/com.st.stm32cube.ide.mcu.externaltools.gnu-tools-for-stm32.12.3.rel1.win32_1.0.200.202406191623/tools/bin/../lib/gcc/arm-none-eabi/12.3.1/../../../../arm-none-eabi/lib/thumb/v6-m/nofp\libc_nano.a(libc_a-memmove.o)
 .debug_frame   0x00000f20       0x2c C:/ST/STM32CubeIDE_1.16.1/STM32CubeIDE/plugins/com.st.stm32cube.ide.mcu.externaltools.gnu-tools-for-stm32.12.3.rel1.win32_1.0.200.202406191623/tools/bin/../lib/gcc/arm-none-eabi/12.3.1/../../../../arm-none-eabi/lib/thumb/v6-m/nofp\libc_nano.a(libc_a-sbrkr.o)
 .debug_frame   0x00000f4c       0x20 C:/ST/STM32CubeIDE_1.16.1/STM32CubeIDE/plugins/com.st.stm32cube.ide.mcu.externaltools.gnu-tools-for-stm32.12.3.rel1.win32_1.0.200.202406191623/tools/bin/../lib/gcc/arm-none-eabi/12.3.1/../../../../arm-none-eabi/lib/thumb/v6-m/nofp\libc_nano.a(libc_a-memchr-stub.o)
 .debug_frame   0x00000f6c       0x34 C:/ST/STM32CubeIDE_1.16.1/STM32CubeIDE/plugins/com.st.stm32cube.ide.mcu.externaltools.gnu-tools-for-stm32.12.3.rel1.win32_1.0.200.202406191623/tools/bin/../lib/gcc/arm-none-eabi/12.3.1/../../../../arm-none-eabi/lib/thumb/v6-m/nofp\libc_nano.a(libc_a-reallocr.o)
 .debug_frame   0x00000fa0       0x20 C:/ST/STM32CubeIDE_1.16.1/STM32CubeIDE/plugins/com.st.stm32cube.ide.mcu.externaltools.gnu-tools-for-stm32.12.3.rel1.win32_1.0.200.202406191623/tools/bin/../lib/gcc/arm-none-eabi/12.3.1/../../../../arm-none-eabi/lib/thumb/v6-m/nofp\libc_nano.a(libc_a-msizer.o)
 .debug_frame   0x00000fc0       0x20 C:/ST/STM32CubeIDE_1.16.1/STM32CubeIDE/plugins/com.st.stm32cube.ide.mcu.externaltools.gnu-tools-for-stm32.12.3.rel1.win32_1.0.200.202406191623/tools/bin/../lib/gcc/arm-none-eabi/12.3.1/thumb/v6-m/nofp\libgcc.a(_udivsi3.o)

.debug_line_str
                0x00000000       0x58
 .debug_line_str
                0x00000000       0x58 ./Core/Startup/startup_stm32f091rctx.o
