../Core/Src/app/MotorDriver.cpp:9:6:void MotorDriver::init()	16	static
../Core/Src/app/MotorDriver.cpp:47:6:void MotorDriver::enable()	16	static
../Core/Src/app/MotorDriver.cpp:52:6:void MotorDriver::disable()	16	static
../Core/Src/app/MotorDriver.cpp:58:6:void MotorDriver::initPwmTim3_(uint32_t)	24	static
../Core/Src/app/MotorDriver.cpp:93:6:void MotorDriver::setDutyAll_(uint16_t)	16	static
../Core/Src/app/MotorDriver.cpp:102:6:void MotorDriver::setSpeedPercent(uint8_t)	24	static
../Core/Src/app/MotorDriver.cpp:113:6:void MotorDriver::stop()	16	static
../Core/Src/app/MotorDriver.cpp:128:6:void MotorDriver::setLeftForward()	16	static
../Core/Src/app/MotorDriver.cpp:137:6:void MotorDriver::setLeftBack()	16	static
../Core/Src/app/MotorDriver.cpp:146:6:void MotorDriver::setRightForward()	16	static
../Core/Src/app/MotorDriver.cpp:155:6:void MotorDriver::setRightBack()	16	static
../Core/Src/app/MotorDriver.cpp:164:6:void MotorDriver::forward()	16	static
../Core/Src/app/MotorDriver.cpp:171:6:void MotorDriver::back()	16	static
../Core/Src/app/MotorDriver.cpp:177:6:void MotorDriver::spinRight()	16	static
../Core/Src/app/MotorDriver.cpp:184:6:void MotorDriver::spinLeft()	16	static
